version:
  hs_bindgen: 0.1.0
  binding_specification: '1.0'
types:
- omit:
    headers: binding_spec_simple.h
    cname: struct pt
- headers: binding_spec_simple.h
  cname: sym
  module: Generated
  hsname: Sym
  instances:
  - Bits
  - Bounded
  - Enum
  - Eq
  - FiniteBits
  - Integral
  - Ix
  - Num
  - Ord
  - Read
  - Real
  - Show
  - Storable
