version:
  hs_bindgen: 0.1.0
  binding_specification: '1.0'
types:
- headers: program_slicing_simple.h
  cname: uint64_t
  module: Example
  identifier: Uint64_t
  instances:
  - Eq
  - Ord
  - Enum
  - Ix
  - Bounded
  - Read
  - Show
  - Bits
  - FiniteBits
  - Integral
  - Num
  - Real
  - Storable
